[themeht.com/template/seoland/ltr/index-4.html]
[backblue.gif]
[fade.gif]
[index.html]
[themeht.com/template/seoland/ltr/images/favicon.ico]
[themeht.com/template/seoland/ltr/images/loader.png]
[themeht.com/template/seoland/ltr/index.html]
[themeht.com/template/seoland/ltr/index-2.html]
[themeht.com/template/seoland/ltr/index-3.html]
[themeht.com/template/seoland/ltr/index-5.html]
[themeht.com/template/seoland/ltr/index-6.html]
[themeht.com/template/seoland/ltr/about-us.html]
[themeht.com/template/seoland/ltr/team.html]
[themeht.com/template/seoland/ltr/team-single.html]
[themeht.com/template/seoland/ltr/price-table.html]
[themeht.com/template/seoland/ltr/faq.html]
[themeht.com/template/seoland/ltr/login.html]
[themeht.com/template/seoland/ltr/coming-soon.html]
[themeht.com/template/seoland/ltr/error-404.html]
[themeht.com/template/seoland/ltr/product-grid.html]
[themeht.com/template/seoland/ltr/product-list.html]
[themeht.com/template/seoland/ltr/product-single.html]
[themeht.com/template/seoland/ltr/product-cart.html]
[themeht.com/template/seoland/ltr/product-checkout.html]
[themeht.com/template/seoland/ltr/order-complete.html]
[themeht.com/template/seoland/ltr/forgot-password.html]
[themeht.com/template/seoland/ltr/services.html]
[themeht.com/template/seoland/ltr/services-2.html]
[themeht.com/template/seoland/ltr/services-single.html]
[themeht.com/template/seoland/ltr/portfolio-masonry.html]
[themeht.com/template/seoland/ltr/portfolio-grid-2.html]
[themeht.com/template/seoland/ltr/portfolio-grid-3.html]
[themeht.com/template/seoland/ltr/portfolio-slider.html]
[themeht.com/template/seoland/ltr/portfolio-single.html]
[themeht.com/template/seoland/ltr/blog-left-sidebar.html]
[themeht.com/template/seoland/ltr/blog-right-sidebar.html]
[themeht.com/template/seoland/ltr/blog-single.html]
[themeht.com/template/seoland/ltr/contact.html]
[themeht.com/template/seoland/ltr/contact-2.html]
[themeht.com/template/seoland/ltr/images/about/03.jpg]
[themeht.com/template/seoland/ltr/images/client/01.png]
[themeht.com/template/seoland/ltr/images/client/02.png]
[themeht.com/template/seoland/ltr/images/client/03.png]
[themeht.com/template/seoland/ltr/images/client/04.png]
[themeht.com/template/seoland/ltr/images/client/05.png]
[themeht.com/template/seoland/ltr/images/client/06.png]
[themeht.com/template/seoland/ltr/images/about/07.png]
[themeht.com/template/seoland/ltr/images/step-icon-bg1.png]
[themeht.com/template/seoland/ltr/images/tab/01.png]
[themeht.com/template/seoland/ltr/images/tab/02.png]
[themeht.com/template/seoland/ltr/images/tab/03.png]
[themeht.com/template/seoland/ltr/images/tab/04.png]
[themeht.com/template/seoland/ltr/images/team/01.jpg]
[themeht.com/template/seoland/ltr/images/team/02.jpg]
[themeht.com/template/seoland/ltr/images/team/03.jpg]
[themeht.com/template/seoland/ltr/images/team/04.jpg]
[themeht.com/template/seoland/ltr/images/team/05.jpg]
[themeht.com/template/seoland/ltr/images/team/06.jpg]
[themeht.com/template/seoland/ltr/images/team/07.jpg]
[themeht.com/template/seoland/ltr/images/team/08.jpg]
[themeht.com/template/seoland/ltr/images/about/05.png]
[themeht.com/template/seoland/ltr/images/testimonial/01.jpg]
[themeht.com/template/seoland/ltr/images/testimonial/02.jpg]
[themeht.com/template/seoland/ltr/images/testimonial/03.jpg]
[themeht.com/template/seoland/ltr/images/testimonial/04.jpg]
[themeht.com/template/seoland/ltr/images/testimonial/05.jpg]
[themeht.com/template/seoland/ltr/images/testimonial/06.jpg]
[themeht.com/template/seoland/ltr/images/testimonial/07.jpg]
[themeht.com/template/seoland/ltr/images/testimonial/08.jpg]
[themeht.com/template/seoland/ltr/images/blog/01.jpg]
[themeht.com/template/seoland/ltr/images/blog/02.jpg]
[themeht.com/template/seoland/ltr/images/blog/03.jpg]
[themeht.com/template/seoland/ltr/privacy-policy.html]
[themeht.com/template/seoland/ltr/terms-and-conditions.html]
[themeht.com/template/seoland/ltr/js/jquery.min.js]
[themeht.com/template/seoland/ltr/js/bootstrap.bundle.min.js]
[themeht.com/template/seoland/ltr/js/jquery-appear.js]
[themeht.com/template/seoland/ltr/js/jquery.magnific-popup.min.js]
[themeht.com/template/seoland/ltr/js/isotope.pkgd.min.js]
[themeht.com/template/seoland/ltr/js/odometer.min.js]
[themeht.com/template/seoland/ltr/js/jquery.countdown.min.js]
[themeht.com/template/seoland/ltr/js/gsap.min.js]
[themeht.com/template/seoland/ltr/js/scrolltrigger.min.js]
[themeht.com/template/seoland/ltr/js/gsap-animation.js]
[themeht.com/template/seoland/ltr/js/particles.js]
[themeht.com/template/seoland/ltr/js/swiper-bundle.min.js]
[themeht.com/template/seoland/ltr/js/seoland-swiper-init.js]
[themeht.com/template/seoland/ltr/js/sticksy.min.js]
[themeht.com/template/seoland/ltr/js/color-customize/color-customizer.js]
[themeht.com/template/seoland/ltr/js/theme-script.js]
[themeht.com/template/seoland/ltr/index-4.html]
[themeht.com/template/seoland/ltr/css/bootstrap.min.css]
[themeht.com/template/seoland/ltr/fonts/bootstrap-icons0107.woff2]
[themeht.com/template/seoland/ltr/fonts/bootstrap-icons0107.woff]
[themeht.com/template/seoland/ltr/css/bootstrap-icons.css]
[themeht.com/template/seoland/ltr/css/animate.css]
[themeht.com/template/seoland/ltr/css/magnific-popup.css]
[themeht.com/template/seoland/ltr/css/swiper-bundle.min.css]
[themeht.com/template/seoland/ltr/css/odometer.css]
[themeht.com/template/seoland/ltr/css/spacing.css]
[themeht.com/template/seoland/ltr/fonts/flaticon_mycollectionc408.woff2]
[themeht.com/template/seoland/ltr/fonts/flaticon_mycollectionc408.woff]
[themeht.com/template/seoland/ltr/fonts/flaticon_mycollectionc408.eot]
[themeht.com/template/seoland/ltr/fonts/flaticon_mycollectionc408.ttf]
[themeht.com/template/seoland/ltr/css/seoland-icon.css]
[themeht.com/template/seoland/ltr/css/base.css]
[themeht.com/template/seoland/ltr/images/pattern/02.png]
[themeht.com/template/seoland/ltr/css/shortcodes.css]
[themeht.com/template/seoland/ltr/css/style.css]
[themeht.com/template/seoland/ltr/css/responsive.css]
[themeht.com/template/seoland/ltr/css/theme-color/color-4.css]
[themeht.com/template/seoland/ltr/css/color-customize/color-customizer.css]
[themeht.com/template/seoland/ltr/images/banner/01.png]
[themeht.com/template/seoland/ltr/images/shape-small-1.png]
[themeht.com/template/seoland/ltr/images/feature/01.png]
[themeht.com/template/seoland/ltr/images/feature/02.png]
[themeht.com/template/seoland/ltr/images/feature/03.png]
[themeht.com/template/seoland/ltr/images/about/01.jpg]
[themeht.com/template/seoland/ltr/images/about/02.png]
[themeht.com/template/seoland/ltr/images/portfolio/01.jpg]
[themeht.com/template/seoland/ltr/images/portfolio/02.jpg]
[themeht.com/template/seoland/ltr/images/portfolio/03.jpg]
[themeht.com/template/seoland/ltr/images/portfolio/04.jpg]
[themeht.com/template/seoland/ltr/images/portfolio/05.jpg]
[themeht.com/template/seoland/ltr/images/portfolio/06.jpg]
[themeht.com/template/seoland/ltr/index.html]
[themeht.com/template/seoland/ltr/images/logo.svg]
[themeht.com/template/seoland/ltr/images/banner/03.png]
[themeht.com/template/seoland/ltr/images/service/01.png]
[themeht.com/template/seoland/ltr/images/service/02.png]
[themeht.com/template/seoland/ltr/images/service/03.png]
[themeht.com/template/seoland/ltr/images/service/04.png]
[themeht.com/template/seoland/ltr/images/service/05.png]
[themeht.com/template/seoland/ltr/images/service/06.png]
[themeht.com/template/seoland/ltr/images/about/06.png]
[themeht.com/template/seoland/ltr/index-2.html]
[themeht.com/template/seoland/ltr/images/banner/02.png]
[themeht.com/template/seoland/ltr/images/banner-shape2.87.delayed]
[themeht.com/template/seoland/ltr/index-3.html]
[themeht.com/template/seoland/ltr/images/banner/04.png]
[themeht.com/template/seoland/ltr/index-5.html]
[themeht.com/template/seoland/ltr/images/banner/05.png]
[themeht.com/template/seoland/ltr/index-6.html]
[themeht.com/template/seoland/ltr/about-us.html]
[themeht.com/template/seoland/ltr/team.html]
[themeht.com/template/seoland/ltr/images/feature/04.png]
[themeht.com/template/seoland/ltr/images/feature/05.png]
[themeht.com/template/seoland/ltr/images/feature/06.png]
[themeht.com/template/seoland/ltr/images/feature/07.png]
[themeht.com/template/seoland/ltr/team-single.html]
[themeht.com/template/seoland/ltr/price-table.html]
[themeht.com/template/seoland/ltr/images/about/04.png]
[themeht.com/template/seoland/ltr/faq.html]
[themeht.com/template/seoland/ltr/images/login-img.png]
[themeht.com/template/seoland/ltr/register.93.delayed]
[themeht.com/template/seoland/ltr/login.html]
[themeht.com/template/seoland/ltr/coming-soon.html]
[themeht.com/template/seoland/ltr/error-404.html]
[themeht.com/template/seoland/ltr/images/product/01.jpg]
[themeht.com/template/seoland/ltr/images/product/02.jpg]
[themeht.com/template/seoland/ltr/images/product/03.jpg]
[themeht.com/template/seoland/ltr/images/product/04.jpg]
[themeht.com/template/seoland/ltr/images/product/05.jpg]
[themeht.com/template/seoland/ltr/images/product/06.jpg]
[themeht.com/template/seoland/ltr/product-grid.html]
[themeht.com/template/seoland/ltr/product-list.html]
[themeht.com/template/seoland/ltr/images/thumbnail/01.jpg]
[themeht.com/template/seoland/ltr/images/thumbnail/02.jpg]
[themeht.com/template/seoland/ltr/images/thumbnail/03.jpg]
[themeht.com/template/seoland/ltr/product-single.html]
[themeht.com/template/seoland/ltr/images/product-thumb/01.jpg]
[themeht.com/template/seoland/ltr/images/product-thumb/02.jpg]
[themeht.com/template/seoland/ltr/product-cart.html]
[themeht.com/template/seoland/ltr/product-checkout.html]
[themeht.com/template/seoland/ltr/order-complete.html]
[themeht.com/template/seoland/ltr/signup.9f.delayed]
[themeht.com/template/seoland/ltr/forgot-password.html]
[themeht.com/template/seoland/ltr/services.html]
[themeht.com/template/seoland/ltr/services-2.html]
[themeht.com/template/seoland/ltr/images/service/large/01.png]
[themeht.com/template/seoland/ltr/images/contact-bg.png]
[themeht.com/template/seoland/ltr/services-single.html]
[themeht.com/template/seoland/ltr/portfolio-masonry.html]
[themeht.com/template/seoland/ltr/portfolio-grid-2.html]
[themeht.com/template/seoland/ltr/portfolio-grid-3.html]
[themeht.com/template/seoland/ltr/portfolio-slider.html]
[themeht.com/template/seoland/ltr/images/portfolio/large/01.jpg]
[themeht.com/template/seoland/ltr/portfolio-single.html]
[themeht.com/template/seoland/ltr/images/blog/large/01.jpg]
[themeht.com/template/seoland/ltr/images/blog/large/02.jpg]
[themeht.com/template/seoland/ltr/images/blog/large/03.jpg]
[themeht.com/template/seoland/ltr/images/blog/blog-thumb/01.jpg]
[themeht.com/template/seoland/ltr/images/blog/blog-thumb/02.jpg]
[themeht.com/template/seoland/ltr/images/blog/blog-thumb/03.jpg]
[themeht.com/template/seoland/ltr/blog-left-sidebar.html]
[themeht.com/template/seoland/ltr/blog-right-sidebar.html]
[themeht.com/template/seoland/ltr/blog-single.html]
[themeht.com/template/seoland/ltr/contact.html]
[themeht.com/template/seoland/ltr/contact-2.html]
[themeht.com/template/seoland/ltr/images/logo-white.svg]
[themeht.com/template/seoland/ltr/privacy-policy.html]
[themeht.com/template/seoland/ltr/terms-and-conditions.html]
[themeht.com/template/seoland/ltr/fonts/flaticon_mycollectionc408.svg]
[themeht.com/template/seoland/ltr/css/theme-color/color-2.css]
[themeht.com/template/seoland/ltr/css/theme-color/color-3.css]
[themeht.com/template/seoland/ltr/images/banner-shape2.html]
[themeht.com/template/seoland/ltr/css/theme-color/color-10.css]
[themeht.com/template/seoland/ltr/css/theme-color/color-11.css]
[themeht.com/template/seoland/ltr/images/page-bg.svg]
[themeht.com/template/seoland/ltr/register.html]
[themeht.com/template/seoland/ltr/signup.html]
